
Discarded input sections

 .group         0x00000000        0xc ./common/main.o
 .group         0x00000000        0xc ./common/main.o
 .group         0x00000000        0xc ./common/main.o
 .group         0x00000000        0xc ./boot/boot2.o
 .debug_macro   0x00000000      0xa96 ./boot/boot2.o
 .group         0x00000000        0xc ./boot/init.o
 .group         0x00000000        0xc ./boot/init.o
 .group         0x00000000        0xc ./boot/init.o
 .debug_macro   0x00000000      0xa96 ./boot/init.o
 .debug_macro   0x00000000      0x34e ./boot/init.o
 .debug_macro   0x00000000       0x4c ./boot/init.o

Memory Configuration

Name             Origin             Length             Attributes
ROM              0x10000000         0x00200000         xr
RAM              0x20000000         0x00040000         xrw
*default*        0x00000000         0xffffffff

Linker script and memory map

LOAD ./common/main.o
LOAD ./boot/boot2.o
LOAD ./boot/init.o
LOAD ./startup.o
START GROUP
LOAD C:/EmbDevTools/xpack-arm-none-eabi-gcc-14.2.1-1.1/bin/../lib/gcc/arm-none-eabi/14.2.1/thumb/v6-m/nofp\libgcc.a
LOAD C:/EmbDevTools/xpack-arm-none-eabi-gcc-14.2.1-1.1/bin/../lib/gcc/arm-none-eabi/14.2.1/../../../../arm-none-eabi/lib/thumb/v6-m/nofp\libg.a
LOAD C:/EmbDevTools/xpack-arm-none-eabi-gcc-14.2.1-1.1/bin/../lib/gcc/arm-none-eabi/14.2.1/../../../../arm-none-eabi/lib/thumb/v6-m/nofp\libc.a
END GROUP

.boot2          0x10000000      0x100
 *(.boot2)
 .boot2         0x10000000      0x100 ./boot/boot2.o
                0x10000000                __boot2_start

.vectors        0x10000100        0x8
 *(.vectors)
 .vectors       0x10000100        0x8 ./startup.o

.stack_pointer  0x10000108        0x4
 .stack_pointer
                0x10000108        0x4 ./startup.o
                0x10000108                __stack_pointer

.text           0x1000010c       0x80
 *(.text.__reset_handler)
 .text.__reset_handler
                0x1000010c       0x10 ./startup.o
                0x1000010c                __reset_handler
 *(.text .text.*)
 .text          0x1000011c       0x18 ./common/main.o
                0x1000011c                main
 .text          0x10000134        0x0 ./boot/boot2.o
 .text          0x10000134       0x58 ./boot/init.o
                0x10000134                initial_ked
 .text          0x1000018c        0x0 ./startup.o
 *(.rodata .rodata.*)

.glue_7         0x1000018c        0x0
 .glue_7        0x1000018c        0x0 linker stubs

.glue_7t        0x1000018c        0x0
 .glue_7t       0x1000018c        0x0 linker stubs

.vfp11_veneer   0x1000018c        0x0
 .vfp11_veneer  0x1000018c        0x0 linker stubs

.v4_bx          0x1000018c        0x0
 .v4_bx         0x1000018c        0x0 linker stubs

.iplt           0x1000018c        0x0
 .iplt          0x1000018c        0x0 ./common/main.o

.rel.dyn        0x1000018c        0x0
 .rel.iplt      0x1000018c        0x0 ./common/main.o

.data           0x20000000        0x0 load address 0x1000018c
                0x20000000                        __data_start = .
 *(.data .data.*)
 .data          0x20000000        0x0 ./common/main.o
 .data          0x20000000        0x0 ./boot/boot2.o
 .data          0x20000000        0x0 ./boot/init.o
 .data          0x20000000        0x0 ./startup.o
                0x20000000                        __data_end = .

.igot.plt       0x20000000        0x0 load address 0x1000018c
 .igot.plt      0x20000000        0x0 ./common/main.o

.bss            0x20000000        0x0 load address 0x1000018c
                0x20000000                        __bss_start = .
 *(.bss .bss.*)
 .bss           0x20000000        0x0 ./common/main.o
 .bss           0x20000000        0x0 ./boot/boot2.o
 .bss           0x20000000        0x0 ./boot/init.o
 .bss           0x20000000        0x0 ./startup.o
 *(COMMON)
                0x20000000                        __bss_end = .
                0x20040000                        __stack_top = (ORIGIN (RAM) + LENGTH (RAM))
OUTPUT(KedRP24_failed.elf elf32-littlearm)
LOAD linker stubs

.debug_info     0x00000000      0x1ab
 .debug_info    0x00000000       0x9b ./common/main.o
 .debug_info    0x0000009b       0x5d ./boot/boot2.o
 .debug_info    0x000000f8       0x8f ./boot/init.o
 .debug_info    0x00000187       0x24 ./startup.o

.debug_abbrev   0x00000000      0x11a
 .debug_abbrev  0x00000000       0x69 ./common/main.o
 .debug_abbrev  0x00000069       0x49 ./boot/boot2.o
 .debug_abbrev  0x000000b2       0x54 ./boot/init.o
 .debug_abbrev  0x00000106       0x14 ./startup.o

.debug_aranges  0x00000000       0x78
 .debug_aranges
                0x00000000       0x20 ./common/main.o
 .debug_aranges
                0x00000020       0x18 ./boot/boot2.o
 .debug_aranges
                0x00000038       0x20 ./boot/init.o
 .debug_aranges
                0x00000058       0x20 ./startup.o

.debug_macro    0x00000000      0xee7
 .debug_macro   0x00000000       0x53 ./common/main.o
 .debug_macro   0x00000053      0xa96 ./common/main.o
 .debug_macro   0x00000ae9      0x34e ./common/main.o
 .debug_macro   0x00000e37       0x4c ./common/main.o
 .debug_macro   0x00000e83       0x11 ./boot/boot2.o
 .debug_macro   0x00000e94       0x53 ./boot/init.o

.debug_line     0x00000000      0x32f
 .debug_line    0x00000000      0x167 ./common/main.o
 .debug_line    0x00000167       0x30 ./boot/boot2.o
 .debug_line    0x00000197      0x14d ./boot/init.o
 .debug_line    0x000002e4       0x4b ./startup.o

.debug_str      0x00000000     0x38db
 .debug_str     0x00000000     0x38db ./common/main.o
                               0x39f6 (size before relaxing)
 .debug_str     0x000038db     0x2d30 ./boot/boot2.o
 .debug_str     0x000038db     0x39ef ./boot/init.o
 .debug_str     0x000038db       0x51 ./startup.o

.comment        0x00000000       0x39
 .comment       0x00000000       0x39 ./common/main.o
                                 0x3a (size before relaxing)
 .comment       0x00000039       0x3a ./boot/boot2.o
 .comment       0x00000039       0x3a ./boot/init.o

.ARM.attributes
                0x00000000       0x2a
 .ARM.attributes
                0x00000000       0x2c ./common/main.o
 .ARM.attributes
                0x0000002c       0x2c ./boot/boot2.o
 .ARM.attributes
                0x00000058       0x2c ./boot/init.o
 .ARM.attributes
                0x00000084       0x22 ./startup.o

.debug_frame    0x00000000       0x58
 .debug_frame   0x00000000       0x2c ./common/main.o
 .debug_frame   0x0000002c       0x2c ./boot/init.o

.debug_line_str
                0x00000000       0x43
 .debug_line_str
                0x00000000       0x43 ./startup.o
